[INFO] Scanning for projects...
[INFO] 
[INFO] -----------------< com.traderoot:tap-to-ride-terminal >-----------------
[INFO] Building tap-to-ride-terminal 0.0.1-SNAPSHOT
[INFO]   from pom.xml
[INFO] --------------------------------[ jar ]---------------------------------
[INFO] 
[INFO] >>> spring-boot:3.2.5:run (default-cli) > test-compile @ tap-to-ride-terminal >>>
[INFO] 
[INFO] --- resources:3.3.1:resources (default-resources) @ tap-to-ride-terminal ---
[INFO] Copying 1 resource from src/main/resources to target/classes
[INFO] Copying 1 resource from src/main/resources to target/classes
[INFO] 
[INFO] --- compiler:3.11.0:compile (default-compile) @ tap-to-ride-terminal ---
[INFO] Nothing to compile - all classes are up to date
[INFO] 
[INFO] --- resources:3.3.1:testResources (default-testResources) @ tap-to-ride-terminal ---
[INFO] skip non existing resourceDirectory /Users/benediction/Academic/TradeRoot/tap-to-ride-terminal/src/test/resources
[INFO] 
[INFO] --- compiler:3.11.0:testCompile (default-testCompile) @ tap-to-ride-terminal ---
[INFO] Nothing to compile - all classes are up to date
[INFO] 
[INFO] <<< spring-boot:3.2.5:run (default-cli) < test-compile @ tap-to-ride-terminal <<<
[INFO] 
[INFO] 
[INFO] --- spring-boot:3.2.5:run (default-cli) @ tap-to-ride-terminal ---
[INFO] Attaching agents: []

  .   ____          _            __ _ _
 /\\ / ___'_ __ _ _(_)_ __  __ _ \ \ \ \
( ( )\___ | '_ | '_| | '_ \/ _` | \ \ \ \
 \\/  ___)| |_)| | | | | || (_| |  ) ) ) )
  '  |____| .__|_| |_|_| |_\__, | / / / /
 =========|_|==============|___/=/_/_/_/
 :: Spring Boot ::                (v3.2.5)

2026-09-23T01:43:39.256+02:00  INFO 42486 --- [           main] c.t.terminal.TerminalApplication         : Starting TerminalApplication using Java 25.0.2 with PID 42486 (/Users/benediction/Academic/TradeRoot/tap-to-ride-terminal/target/classes started by benediction in /Users/benediction/Academic/TradeRoot/tap-to-ride-terminal)
2026-09-23T01:43:39.257+02:00  INFO 42486 --- [           main] c.t.terminal.TerminalApplication         : No active profile set, falling back to 1 default profile: "default"
2026-09-23T01:43:39.469+02:00  INFO 42486 --- [           main] .s.d.r.c.RepositoryConfigurationDelegate : Bootstrapping Spring Data JPA repositories in DEFAULT mode.
2026-09-23T01:43:39.488+02:00  INFO 42486 --- [           main] .s.d.r.c.RepositoryConfigurationDelegate : Finished Spring Data repository scanning in 15 ms. Found 2 JPA repository interfaces.
WARNING: A restricted method in java.lang.System has been called
WARNING: java.lang.System::load has been called by org.apache.tomcat.jni.Library in an unnamed module (file:/Users/benediction/.m2/repository/org/apache/tomcat/embed/tomcat-embed-core/10.1.20/tomcat-embed-core-10.1.20.jar)
WARNING: Use --enable-native-access=ALL-UNNAMED to avoid a warning for callers in this module
WARNING: Restricted methods will be blocked in a future release unless native access is enabled

2026-09-23T01:43:39.671+02:00  INFO 42486 --- [           main] o.s.b.w.embedded.tomcat.TomcatWebServer  : Tomcat initialized with port 8081 (http)
2026-09-23T01:43:39.675+02:00  INFO 42486 --- [           main] o.apache.catalina.core.StandardService   : Starting service [Tomcat]
2026-09-23T01:43:39.675+02:00  INFO 42486 --- [           main] o.apache.catalina.core.StandardEngine    : Starting Servlet engine: [Apache Tomcat/10.1.20]
2026-09-23T01:43:39.697+02:00  INFO 42486 --- [           main] o.a.c.c.C.[Tomcat].[localhost].[/]       : Initializing Spring embedded WebApplicationContext
2026-09-23T01:43:39.698+02:00  INFO 42486 --- [           main] w.s.c.ServletWebServerApplicationContext : Root WebApplicationContext: initialization completed in 423 ms
2026-09-23T01:43:39.755+02:00  INFO 42486 --- [           main] o.hibernate.jpa.internal.util.LogHelper  : HHH000204: Processing PersistenceUnitInfo [name: default]
2026-09-23T01:43:39.777+02:00  INFO 42486 --- [           main] org.hibernate.Version                    : HHH000412: Hibernate ORM core version 6.4.4.Final
2026-09-23T01:43:39.792+02:00  INFO 42486 --- [           main] o.h.c.internal.RegionFactoryInitiator    : HHH000026: Second-level cache disabled
2026-09-23T01:43:39.886+02:00  INFO 42486 --- [           main] o.s.o.j.p.SpringPersistenceUnitInfo      : No LoadTimeWeaver setup: ignoring JPA class transformer
2026-09-23T01:43:39.895+02:00  INFO 42486 --- [           main] com.zaxxer.hikari.HikariDataSource       : HikariPool-1 - Starting...
2026-09-23T01:43:40.364+02:00  INFO 42486 --- [           main] com.zaxxer.hikari.pool.HikariPool        : HikariPool-1 - Added connection org.sqlite.jdbc4.JDBC4Connection@ceb7701
2026-09-23T01:43:40.365+02:00  INFO 42486 --- [           main] com.zaxxer.hikari.HikariDataSource       : HikariPool-1 - Start completed.
2026-09-23T01:43:40.713+02:00  INFO 42486 --- [           main] o.h.e.t.j.p.i.JtaPlatformInitiator       : HHH000489: No JTA platform available (set 'hibernate.transaction.jta.platform' to enable JTA platform integration)
Hibernate: create table batches (batch_id varchar(255) not null, created_at timestamp, retry_count integer not null, status varchar(255), primary key (batch_id))
Hibernate: create table trips (trip_id varchar(255) not null, amount numeric(38,2), batch_id varchar(255), driver_id varchar(255), hmac_signature varchar(255), rider_id varchar(255), status varchar(255), timestamp timestamp, primary key (trip_id))
2026-09-23T01:43:40.725+02:00  INFO 42486 --- [           main] j.LocalContainerEntityManagerFactoryBean : Initialized JPA EntityManagerFactory for persistence unit 'default'
2026-09-23T01:43:40.875+02:00  WARN 42486 --- [           main] JpaBaseConfiguration$JpaWebConfiguration : spring.jpa.open-in-view is enabled by default. Therefore, database queries may be performed during view rendering. Explicitly configure spring.jpa.open-in-view to disable this warning
2026-09-23T01:43:41.026+02:00  WARN 42486 --- [           main] ConfigServletWebServerApplicationContext : Exception encountered during context initialization - cancelling refresh attempt: org.springframework.context.ApplicationContextException: Failed to start bean 'webServerStartStop'
2026-09-23T01:43:41.027+02:00  INFO 42486 --- [           main] j.LocalContainerEntityManagerFactoryBean : Closing JPA EntityManagerFactory for persistence unit 'default'
2026-09-23T01:43:41.028+02:00  INFO 42486 --- [           main] com.zaxxer.hikari.HikariDataSource       : HikariPool-1 - Shutdown initiated...
2026-09-23T01:43:41.029+02:00  INFO 42486 --- [           main] com.zaxxer.hikari.HikariDataSource       : HikariPool-1 - Shutdown completed.
2026-09-23T01:43:41.037+02:00  INFO 42486 --- [           main] .s.b.a.l.ConditionEvaluationReportLogger : 

Error starting ApplicationContext. To display the condition evaluation report re-run your application with 'debug' enabled.
2026-09-23T01:43:41.046+02:00 ERROR 42486 --- [           main] o.s.b.d.LoggingFailureAnalysisReporter   : 

***************************
APPLICATION FAILED TO START
***************************

Description:

Web server failed to start. Port 8081 was already in use.

Action:

Identify and stop the process that's listening on port 8081 or configure this application to listen on another port.

[INFO] ------------------------------------------------------------------------
[INFO] BUILD FAILURE
[INFO] ------------------------------------------------------------------------
[INFO] Total time:  2.623 s
[INFO] Finished at: 2026-09-23T01:43:41+02:00
[INFO] ------------------------------------------------------------------------
[ERROR] Failed to execute goal org.springframework.boot:spring-boot-maven-plugin:3.2.5:run (default-cli) on project tap-to-ride-terminal: Process terminated with exit code: 1 -> [Help 1]
[ERROR] 
[ERROR] To see the full stack trace of the errors, re-run Maven with the -e switch.
[ERROR] Re-run Maven using the -X switch to enable full debug logging.
[ERROR] 
[ERROR] For more information about the errors and possible solutions, please read the following articles:
[ERROR] [Help 1] http://cwiki.apache.org/confluence/display/MAVEN/MojoExecutionException
